[dotenv@17.2.3] injecting env (5) from .env -- tip: ΓÜÖ∩╕Å  write to custom object with { processEnv: myObject }
--- Starting Verification with Test Admin ---

Registering Test Admin testadminforgot@example.com...
Register Response: 400 { message: 'User already exists' }
Γ£à Admin registered or already exists.

Testing Forgot Password for testadminforgot@example.com...
Forgot Password Response: 200 {
  success: true,
  message: 'Email sent',
  resetToken: '820b8fa7462cf7278097080a3593502dca18484b'
}
Γ£à Got Reset Token: 820b8fa7462cf7278097080a3593502dca18484b

Testing Reset Password...
Reset Password Response: 200 { success: true, message: 'Password updated successfully' }
Γ£à Password Reset Successful

Testing Login with new password...
Login Response: 200 {
  message: 'Login successful',
  admin: {
    id: '6987732f9aa6b45766f7f692',
    username: 'TestAdminForgot',
    email: 'testadminforgot@example.com'
  }
}
Γ£à Login Successful

Γ£à Verification Flow Complete
